Archive member included to satisfy reference by file (symbol)

c:/ac6/systemworkbench/plugins/fr.ac6.mcu.externaltools.arm-none.win32_1.15.0.201708311556/tools/compiler/bin/../lib/gcc/arm-none-eabi/6.3.1/thumb/v6-m\libgcc.a(_udivsi3.o)
                              Drivers/STM32F0xx_HAL_Driver/Src/stm32f0xx_hal.o (__aeabi_uidiv)
c:/ac6/systemworkbench/plugins/fr.ac6.mcu.externaltools.arm-none.win32_1.15.0.201708311556/tools/compiler/bin/../lib/gcc/arm-none-eabi/6.3.1/thumb/v6-m\libgcc.a(_dvmd_tls.o)
                              c:/ac6/systemworkbench/plugins/fr.ac6.mcu.externaltools.arm-none.win32_1.15.0.201708311556/tools/compiler/bin/../lib/gcc/arm-none-eabi/6.3.1/thumb/v6-m\libgcc.a(_udivsi3.o) (__aeabi_idiv0)
c:/ac6/systemworkbench/plugins/fr.ac6.mcu.externaltools.arm-none.win32_1.15.0.201708311556/tools/compiler/bin/../lib/gcc/arm-none-eabi/6.3.1/../../../../arm-none-eabi/lib/thumb/v6-m\libc_nano.a(lib_a-exit.o)
                              c:/ac6/systemworkbench/plugins/fr.ac6.mcu.externaltools.arm-none.win32_1.15.0.201708311556/tools/compiler/bin/../lib/gcc/arm-none-eabi/6.3.1/../../../../arm-none-eabi/lib/thumb/v6-m/crt0.o (exit)
c:/ac6/systemworkbench/plugins/fr.ac6.mcu.externaltools.arm-none.win32_1.15.0.201708311556/tools/compiler/bin/../lib/gcc/arm-none-eabi/6.3.1/../../../../arm-none-eabi/lib/thumb/v6-m\libc_nano.a(lib_a-impure.o)
                              c:/ac6/systemworkbench/plugins/fr.ac6.mcu.externaltools.arm-none.win32_1.15.0.201708311556/tools/compiler/bin/../lib/gcc/arm-none-eabi/6.3.1/../../../../arm-none-eabi/lib/thumb/v6-m\libc_nano.a(lib_a-exit.o) (_global_impure_ptr)
c:/ac6/systemworkbench/plugins/fr.ac6.mcu.externaltools.arm-none.win32_1.15.0.201708311556/tools/compiler/bin/../lib/gcc/arm-none-eabi/6.3.1/../../../../arm-none-eabi/lib/thumb/v6-m\libc_nano.a(lib_a-init.o)
                              c:/ac6/systemworkbench/plugins/fr.ac6.mcu.externaltools.arm-none.win32_1.15.0.201708311556/tools/compiler/bin/../lib/gcc/arm-none-eabi/6.3.1/../../../../arm-none-eabi/lib/thumb/v6-m/crt0.o (__libc_init_array)
c:/ac6/systemworkbench/plugins/fr.ac6.mcu.externaltools.arm-none.win32_1.15.0.201708311556/tools/compiler/bin/../lib/gcc/arm-none-eabi/6.3.1/../../../../arm-none-eabi/lib/thumb/v6-m\libc_nano.a(lib_a-memset.o)
                              c:/ac6/systemworkbench/plugins/fr.ac6.mcu.externaltools.arm-none.win32_1.15.0.201708311556/tools/compiler/bin/../lib/gcc/arm-none-eabi/6.3.1/../../../../arm-none-eabi/lib/thumb/v6-m/crt0.o (memset)
c:/ac6/systemworkbench/plugins/fr.ac6.mcu.externaltools.arm-none.win32_1.15.0.201708311556/tools/compiler/bin/../lib/gcc/arm-none-eabi/6.3.1/../../../../arm-none-eabi/lib/thumb/v6-m\libnosys.a(_exit.o)
                              c:/ac6/systemworkbench/plugins/fr.ac6.mcu.externaltools.arm-none.win32_1.15.0.201708311556/tools/compiler/bin/../lib/gcc/arm-none-eabi/6.3.1/../../../../arm-none-eabi/lib/thumb/v6-m\libc_nano.a(lib_a-exit.o) (_exit)

Allocating common symbols
Common symbol       size              file

uwTick              0x4               Drivers/STM32F0xx_HAL_Driver/Src/stm32f0xx_hal.o
pFlash              0x20              Drivers/STM32F0xx_HAL_Driver/Src/stm32f0xx_hal_flash.o

Discarded input sections

 .text          0x00000000        0x0 c:/ac6/systemworkbench/plugins/fr.ac6.mcu.externaltools.arm-none.win32_1.15.0.201708311556/tools/compiler/bin/../lib/gcc/arm-none-eabi/6.3.1/thumb/v6-m/crti.o
 .data          0x00000000        0x0 c:/ac6/systemworkbench/plugins/fr.ac6.mcu.externaltools.arm-none.win32_1.15.0.201708311556/tools/compiler/bin/../lib/gcc/arm-none-eabi/6.3.1/thumb/v6-m/crti.o
 .bss           0x00000000        0x0 c:/ac6/systemworkbench/plugins/fr.ac6.mcu.externaltools.arm-none.win32_1.15.0.201708311556/tools/compiler/bin/../lib/gcc/arm-none-eabi/6.3.1/thumb/v6-m/crti.o
 .data          0x00000000        0x4 c:/ac6/systemworkbench/plugins/fr.ac6.mcu.externaltools.arm-none.win32_1.15.0.201708311556/tools/compiler/bin/../lib/gcc/arm-none-eabi/6.3.1/thumb/v6-m/crtbegin.o
 .text          0x00000000       0x78 c:/ac6/systemworkbench/plugins/fr.ac6.mcu.externaltools.arm-none.win32_1.15.0.201708311556/tools/compiler/bin/../lib/gcc/arm-none-eabi/6.3.1/../../../../arm-none-eabi/lib/thumb/v6-m/crt0.o
 .data          0x00000000        0x0 c:/ac6/systemworkbench/plugins/fr.ac6.mcu.externaltools.arm-none.win32_1.15.0.201708311556/tools/compiler/bin/../lib/gcc/arm-none-eabi/6.3.1/../../../../arm-none-eabi/lib/thumb/v6-m/crt0.o
 .bss           0x00000000        0x0 c:/ac6/systemworkbench/plugins/fr.ac6.mcu.externaltools.arm-none.win32_1.15.0.201708311556/tools/compiler/bin/../lib/gcc/arm-none-eabi/6.3.1/../../../../arm-none-eabi/lib/thumb/v6-m/crt0.o
 .ARM.extab     0x00000000        0x0 c:/ac6/systemworkbench/plugins/fr.ac6.mcu.externaltools.arm-none.win32_1.15.0.201708311556/tools/compiler/bin/../lib/gcc/arm-none-eabi/6.3.1/../../../../arm-none-eabi/lib/thumb/v6-m/crt0.o
[...]
Memory Configuration

Name             Origin             Length             Attributes
RAM              0x20000000         0x00001800         xrw
FLASH            0x08000000         0x00008000         xr
*default*        0x00000000         0xffffffff

Linker script and memory map

LOAD c:/ac6/systemworkbench/plugins/fr.ac6.mcu.externaltools.arm-none.win32_1.15.0.201708311556/tools/compiler/bin/../lib/gcc/arm-none-eabi/6.3.1/thumb/v6-m/crti.o
LOAD c:/ac6/systemworkbench/plugins/fr.ac6.mcu.externaltools.arm-none.win32_1.15.0.201708311556/tools/compiler/bin/../lib/gcc/arm-none-eabi/6.3.1/thumb/v6-m/crtbegin.o
LOAD c:/ac6/systemworkbench/plugins/fr.ac6.mcu.externaltools.arm-none.win32_1.15.0.201708311556/tools/compiler/bin/../lib/gcc/arm-none-eabi/6.3.1/../../../../arm-none-eabi/lib/thumb/v6-m/crt0.o
LOAD Drivers/STM32F0xx_HAL_Driver/Src/stm32f0xx_hal.o
LOAD Drivers/STM32F0xx_HAL_Driver/Src/stm32f0xx_hal_cortex.o
LOAD Drivers/STM32F0xx_HAL_Driver/Src/stm32f0xx_hal_dma.o
LOAD Drivers/STM32F0xx_HAL_Driver/Src/stm32f0xx_hal_flash.o
LOAD Drivers/STM32F0xx_HAL_Driver/Src/stm32f0xx_hal_flash_ex.o
LOAD Drivers/STM32F0xx_HAL_Driver/Src/stm32f0xx_hal_gpio.o
LOAD Drivers/STM32F0xx_HAL_Driver/Src/stm32f0xx_hal_i2c.o
LOAD Drivers/STM32F0xx_HAL_Driver/Src/stm32f0xx_hal_i2c_ex.o
LOAD Drivers/STM32F0xx_HAL_Driver/Src/stm32f0xx_hal_pwr.o
LOAD Drivers/STM32F0xx_HAL_Driver/Src/stm32f0xx_hal_pwr_ex.o
LOAD Drivers/STM32F0xx_HAL_Driver/Src/stm32f0xx_hal_rcc.o
LOAD Drivers/STM32F0xx_HAL_Driver/Src/stm32f0xx_hal_rcc_ex.o
LOAD Drivers/STM32F0xx_HAL_Driver/Src/stm32f0xx_hal_tim.o
LOAD Drivers/STM32F0xx_HAL_Driver/Src/stm32f0xx_hal_tim_ex.o
LOAD Src/main.o
LOAD Src/stm32f0xx_hal_msp.o
LOAD Src/stm32f0xx_it.o
LOAD Src/system_stm32f0xx.o
LOAD startup/startup_stm32f042x6.o
LOAD c:/ac6/systemworkbench/plugins/fr.ac6.mcu.externaltools.arm-none.win32_1.15.0.201708311556/tools/compiler/bin/../lib/gcc/arm-none-eabi/6.3.1/../../../../arm-none-eabi/lib/thumb/v6-m\libm.a
START GROUP
LOAD c:/ac6/systemworkbench/plugins/fr.ac6.mcu.externaltools.arm-none.win32_1.15.0.201708311556/tools/compiler/bin/../lib/gcc/arm-none-eabi/6.3.1/thumb/v6-m\libgcc.a
LOAD c:/ac6/systemworkbench/plugins/fr.ac6.mcu.externaltools.arm-none.win32_1.15.0.201708311556/tools/compiler/bin/../lib/gcc/arm-none-eabi/6.3.1/../../../../arm-none-eabi/lib/thumb/v6-m\libc_nano.a
END GROUP
START GROUP
LOAD c:/ac6/systemworkbench/plugins/fr.ac6.mcu.externaltools.arm-none.win32_1.15.0.201708311556/tools/compiler/bin/../lib/gcc/arm-none-eabi/6.3.1/thumb/v6-m\libgcc.a
LOAD c:/ac6/systemworkbench/plugins/fr.ac6.mcu.externaltools.arm-none.win32_1.15.0.201708311556/tools/compiler/bin/../lib/gcc/arm-none-eabi/6.3.1/../../../../arm-none-eabi/lib/thumb/v6-m\libc_nano.a
LOAD c:/ac6/systemworkbench/plugins/fr.ac6.mcu.externaltools.arm-none.win32_1.15.0.201708311556/tools/compiler/bin/../lib/gcc/arm-none-eabi/6.3.1/../../../../arm-none-eabi/lib/thumb/v6-m\libnosys.a
END GROUP
START GROUP
LOAD c:/ac6/systemworkbench/plugins/fr.ac6.mcu.externaltools.arm-none.win32_1.15.0.201708311556/tools/compiler/bin/../lib/gcc/arm-none-eabi/6.3.1/thumb/v6-m\libgcc.a
LOAD c:/ac6/systemworkbench/plugins/fr.ac6.mcu.externaltools.arm-none.win32_1.15.0.201708311556/tools/compiler/bin/../lib/gcc/arm-none-eabi/6.3.1/../../../../arm-none-eabi/lib/thumb/v6-m\libc_nano.a
LOAD c:/ac6/systemworkbench/plugins/fr.ac6.mcu.externaltools.arm-none.win32_1.15.0.201708311556/tools/compiler/bin/../lib/gcc/arm-none-eabi/6.3.1/../../../../arm-none-eabi/lib/thumb/v6-m\libnosys.a
END GROUP
LOAD c:/ac6/systemworkbench/plugins/fr.ac6.mcu.externaltools.arm-none.win32_1.15.0.201708311556/tools/compiler/bin/../lib/gcc/arm-none-eabi/6.3.1/thumb/v6-m/crtend.o
LOAD c:/ac6/systemworkbench/plugins/fr.ac6.mcu.externaltools.arm-none.win32_1.15.0.201708311556/tools/compiler/bin/../lib/gcc/arm-none-eabi/6.3.1/thumb/v6-m/crtn.o
                0x20001800                _estack = 0x20001800
                0x00000200                _Min_Heap_Size = 0x200
                0x00000400                _Min_Stack_Size = 0x400

.isr_vector     0x08000000       0xc0
                0x08000000                . = ALIGN (0x4)
 *(.isr_vector)
 .isr_vector    0x08000000       0xc0 startup/startup_stm32f042x6.o
                0x08000000                g_pfnVectors
                0x080000c0                . = ALIGN (0x4)

.text           0x080000c0      0xdf0
                0x080000c0                . = ALIGN (0x4)
 *(.text)
 .text          0x080000c0       0x60 c:/ac6/systemworkbench/plugins/fr.ac6.mcu.externaltools.arm-none.win32_1.15.0.201708311556/tools/compiler/bin/../lib/gcc/arm-none-eabi/6.3.1/thumb/v6-m/crtbegin.o
 .text          0x08000120      0x114 c:/ac6/systemworkbench/plugins/fr.ac6.mcu.externaltools.arm-none.win32_1.15.0.201708311556/tools/compiler/bin/../lib/gcc/arm-none-eabi/6.3.1/thumb/v6-m\libgcc.a(_udivsi3.o)
                0x08000120                __aeabi_uidiv
                0x08000120                __udivsi3
                0x0800022c                __aeabi_uidivmod
 .text          0x08000234        0x4 c:/ac6/systemworkbench/plugins/fr.ac6.mcu.externaltools.arm-none.win32_1.15.0.201708311556/tools/compiler/bin/../lib/gcc/arm-none-eabi/6.3.1/thumb/v6-m\libgcc.a(_dvmd_tls.o)
                0x08000234                __aeabi_idiv0
                0x08000234                __aeabi_ldiv0
 *(.text*)
 .text.HAL_InitTick
                0x08000238       0x24 Drivers/STM32F0xx_HAL_Driver/Src/stm32f0xx_hal.o
                0x08000238                HAL_InitTick
 .text.HAL_Init
                0x0800025c       0x20 Drivers/STM32F0xx_HAL_Driver/Src/stm32f0xx_hal.o
                0x0800025c                HAL_Init
 .text.HAL_IncTick
                0x0800027c       0x10 Drivers/STM32F0xx_HAL_Driver/Src/stm32f0xx_hal.o
                0x0800027c                HAL_IncTick
 .text.HAL_GetTick
                0x0800028c        0xc Drivers/STM32F0xx_HAL_Driver/Src/stm32f0xx_hal.o
                0x0800028c                HAL_GetTick
 .text.HAL_Delay
                0x08000298       0x22 Drivers/STM32F0xx_HAL_Driver/Src/stm32f0xx_hal.o
                0x08000298                HAL_Delay
 *fill*         0x080002ba        0x2 
 .text.HAL_NVIC_SetPriority
                0x080002bc       0x64 Drivers/STM32F0xx_HAL_Driver/Src/stm32f0xx_hal_cortex.o
                0x080002bc                HAL_NVIC_SetPriority
 .text.HAL_SYSTICK_Config
                0x08000320       0x38 Drivers/STM32F0xx_HAL_Driver/Src/stm32f0xx_hal_cortex.o
                0x08000320                HAL_SYSTICK_Config
 .text.HAL_SYSTICK_CLKSourceConfig
                0x08000358       0x20 Drivers/STM32F0xx_HAL_Driver/Src/stm32f0xx_hal_cortex.o
                0x08000358                HAL_SYSTICK_CLKSourceConfig
 .text.HAL_SYSTICK_Callback
                0x08000378        0x2 Drivers/STM32F0xx_HAL_Driver/Src/stm32f0xx_hal_cortex.o
                0x08000378                HAL_SYSTICK_Callback
 .text.HAL_SYSTICK_IRQHandler
                0x0800037a        0x8 Drivers/STM32F0xx_HAL_Driver/Src/stm32f0xx_hal_cortex.o
                0x0800037a                HAL_SYSTICK_IRQHandler
 *fill*         0x08000382        0x2 
 .text.HAL_GPIO_Init
                0x08000384      0x180 Drivers/STM32F0xx_HAL_Driver/Src/stm32f0xx_hal_gpio.o
                0x08000384                HAL_GPIO_Init
 .text.HAL_GPIO_WritePin
                0x08000504        0xc Drivers/STM32F0xx_HAL_Driver/Src/stm32f0xx_hal_gpio.o
                0x08000504                HAL_GPIO_WritePin
 .text.HAL_GPIO_TogglePin
                0x08000510        0x8 Drivers/STM32F0xx_HAL_Driver/Src/stm32f0xx_hal_gpio.o
                0x08000510                HAL_GPIO_TogglePin
 .text.HAL_RCC_OscConfig
                0x08000518      0x4f8 Drivers/STM32F0xx_HAL_Driver/Src/stm32f0xx_hal_rcc.o
                0x08000518                HAL_RCC_OscConfig
 .text.HAL_RCC_GetSysClockFreq
                0x08000a10       0x94 Drivers/STM32F0xx_HAL_Driver/Src/stm32f0xx_hal_rcc.o
                0x08000a10                HAL_RCC_GetSysClockFreq
 .text.HAL_RCC_ClockConfig
                0x08000aa4      0x184 Drivers/STM32F0xx_HAL_Driver/Src/stm32f0xx_hal_rcc.o
                0x08000aa4                HAL_RCC_ClockConfig
 .text.HAL_RCC_GetHCLKFreq
                0x08000c28        0xc Drivers/STM32F0xx_HAL_Driver/Src/stm32f0xx_hal_rcc.o
                0x08000c28                HAL_RCC_GetHCLKFreq
 .text.MX_GPIO_Init
                0x08000c34       0x48 Src/main.o
 .text._Error_Handler
                0x08000c7c        0x2 Src/main.o
                0x08000c7c                _Error_Handler
 *fill*         0x08000c7e        0x2 
 .text.SystemClock_Config
                0x08000c80       0x70 Src/main.o
                0x08000c80                SystemClock_Config
 .text.main     0x08000cf0       0x24 Src/main.o
                0x08000cf0                main
 .text.HAL_MspInit
                0x08000d14       0x44 Src/stm32f0xx_hal_msp.o
                0x08000d14                HAL_MspInit
 .text.NMI_Handler
                0x08000d58        0x2 Src/stm32f0xx_it.o
                0x08000d58                NMI_Handler
 .text.HardFault_Handler
                0x08000d5a        0x2 Src/stm32f0xx_it.o
                0x08000d5a                HardFault_Handler
 .text.SVC_Handler
                0x08000d5c        0x2 Src/stm32f0xx_it.o
                0x08000d5c                SVC_Handler
 .text.PendSV_Handler
                0x08000d5e        0x2 Src/stm32f0xx_it.o
                0x08000d5e                PendSV_Handler
 .text.SysTick_Handler
                0x08000d60        0xc Src/stm32f0xx_it.o
                0x08000d60                SysTick_Handler
 .text.SystemInit
                0x08000d6c       0x60 Src/system_stm32f0xx.o
                0x08000d6c                SystemInit
 .text.Reset_Handler
                0x08000dcc       0x80 startup/startup_stm32f042x6.o
                0x08000dcc                Reset_Handler
 .text.Default_Handler
                0x08000e4c        0x2 startup/startup_stm32f042x6.o
                0x08000e4c                TIM1_CC_IRQHandler
                0x08000e4c                TSC_IRQHandler
                0x08000e4c                I2C1_IRQHandler
                0x08000e4c                RCC_CRS_IRQHandler
                0x08000e4c                SPI1_IRQHandler
                0x08000e4c                EXTI2_3_IRQHandler
                0x08000e4c                ADC1_IRQHandler
                0x08000e4c                TIM17_IRQHandler
                0x08000e4c                CEC_CAN_IRQHandler
                0x08000e4c                RTC_IRQHandler
                0x08000e4c                PVD_VDDIO2_IRQHandler
                0x08000e4c                TIM16_IRQHandler
                0x08000e4c                TIM3_IRQHandler
                0x08000e4c                EXTI4_15_IRQHandler
                0x08000e4c                DMA1_Channel1_IRQHandler
                0x08000e4c                Default_Handler
                0x08000e4c                TIM14_IRQHandler
                0x08000e4c                DMA1_Channel4_5_IRQHandler
                0x08000e4c                EXTI0_1_IRQHandler
                0x08000e4c                USB_IRQHandler
                0x08000e4c                SPI2_IRQHandler
                0x08000e4c                WWDG_IRQHandler
                0x08000e4c                TIM2_IRQHandler
                0x08000e4c                DMA1_Channel2_3_IRQHandler
                0x08000e4c                USART2_IRQHandler
                0x08000e4c                FLASH_IRQHandler
                0x08000e4c                USART1_IRQHandler
                0x08000e4c                TIM1_BRK_UP_TRG_COM_IRQHandler
 *fill*         0x08000e4e        0x2 
 .text.__libc_init_array
                0x08000e50       0x48 c:/ac6/systemworkbench/plugins/fr.ac6.mcu.externaltools.arm-none.win32_1.15.0.201708311556/tools/compiler/bin/../lib/gcc/arm-none-eabi/6.3.1/../../../../arm-none-eabi/lib/thumb/v6-m\libc_nano.a(lib_a-init.o)
                0x08000e50                __libc_init_array
 *(.glue_7)
 .glue_7        0x08000e98        0x0 linker stubs
 *(.glue_7t)
 .glue_7t       0x08000e98        0x0 linker stubs
 *(.eh_frame)
 .eh_frame      0x08000e98        0x0 c:/ac6/systemworkbench/plugins/fr.ac6.mcu.externaltools.arm-none.win32_1.15.0.201708311556/tools/compiler/bin/../lib/gcc/arm-none-eabi/6.3.1/thumb/v6-m/crtbegin.o
 *(.init)
 .init          0x08000e98        0x4 c:/ac6/systemworkbench/plugins/fr.ac6.mcu.externaltools.arm-none.win32_1.15.0.201708311556/tools/compiler/bin/../lib/gcc/arm-none-eabi/6.3.1/thumb/v6-m/crti.o
                0x08000e98                _init
 .init          0x08000e9c        0x8 c:/ac6/systemworkbench/plugins/fr.ac6.mcu.externaltools.arm-none.win32_1.15.0.201708311556/tools/compiler/bin/../lib/gcc/arm-none-eabi/6.3.1/thumb/v6-m/crtn.o
 *(.fini)
 .fini          0x08000ea4        0x4 c:/ac6/systemworkbench/plugins/fr.ac6.mcu.externaltools.arm-none.win32_1.15.0.201708311556/tools/compiler/bin/../lib/gcc/arm-none-eabi/6.3.1/thumb/v6-m/crti.o
                0x08000ea4                _fini
 .fini          0x08000ea8        0x8 c:/ac6/systemworkbench/plugins/fr.ac6.mcu.externaltools.arm-none.win32_1.15.0.201708311556/tools/compiler/bin/../lib/gcc/arm-none-eabi/6.3.1/thumb/v6-m/crtn.o
                0x08000eb0                . = ALIGN (0x4)
                0x08000eb0                _etext = .

.vfp11_veneer   0x08000eb0        0x0
 .vfp11_veneer  0x08000eb0        0x0 linker stubs

.v4_bx          0x08000eb0        0x0
 .v4_bx         0x08000eb0        0x0 linker stubs

.iplt           0x08000eb0        0x0
 .iplt          0x08000eb0        0x0 c:/ac6/systemworkbench/plugins/fr.ac6.mcu.externaltools.arm-none.win32_1.15.0.201708311556/tools/compiler/bin/../lib/gcc/arm-none-eabi/6.3.1/thumb/v6-m/crtbegin.o

.rodata         0x08000eb0       0x48
                0x08000eb0                . = ALIGN (0x4)
 *(.rodata)
 .rodata        0x08000eb0       0x20 Drivers/STM32F0xx_HAL_Driver/Src/stm32f0xx_hal_rcc.o
 .rodata        0x08000ed0       0x18 Src/system_stm32f0xx.o
                0x08000ed0                AHBPrescTable
                0x08000ee0                APBPrescTable
 *(.rodata*)
 .rodata.str1.4
                0x08000ee8       0x10 Src/main.o
                                  0xe (size before relaxing)
                0x08000ef8                . = ALIGN (0x4)

.rel.dyn        0x08000ef8        0x0
 .rel.iplt      0x08000ef8        0x0 c:/ac6/systemworkbench/plugins/fr.ac6.mcu.externaltools.arm-none.win32_1.15.0.201708311556/tools/compiler/bin/../lib/gcc/arm-none-eabi/6.3.1/thumb/v6-m/crtbegin.o

.ARM.extab
 *(.ARM.extab* .gnu.linkonce.armextab.*)

.ARM            0x08000ef8        0x0
                0x08000ef8                __exidx_start = .
 *(.ARM.exidx*)
                0x08000ef8                __exidx_end = .

.preinit_array  0x08000ef8        0x0
                0x08000ef8                PROVIDE (__preinit_array_start, .)
 *(.preinit_array*)
                0x08000ef8                PROVIDE (__preinit_array_end, .)

.init_array     0x08000ef8        0x4
                0x08000ef8                PROVIDE (__init_array_start, .)
 *(SORT(.init_array.*))
 *(.init_array*)
 .init_array    0x08000ef8        0x4 c:/ac6/systemworkbench/plugins/fr.ac6.mcu.externaltools.arm-none.win32_1.15.0.201708311556/tools/compiler/bin/../lib/gcc/arm-none-eabi/6.3.1/thumb/v6-m/crtbegin.o
                0x08000efc                PROVIDE (__init_array_end, .)

.fini_array     0x08000efc        0x4
                [!provide]                PROVIDE (__fini_array_start, .)
 *(SORT(.fini_array.*))
 *(.fini_array*)
 .fini_array    0x08000efc        0x4 c:/ac6/systemworkbench/plugins/fr.ac6.mcu.externaltools.arm-none.win32_1.15.0.201708311556/tools/compiler/bin/../lib/gcc/arm-none-eabi/6.3.1/thumb/v6-m/crtbegin.o
                [!provide]                PROVIDE (__fini_array_end, .)
                0x08000f00                _sidata = LOADADDR (.data)

.data           0x20000000        0x4 load address 0x08000f00
                0x20000000                . = ALIGN (0x4)
                0x20000000                _sdata = .
 *(.data)
 .data          0x20000000        0x4 Src/system_stm32f0xx.o
                0x20000000                SystemCoreClock
 *(.data*)
                0x20000004                . = ALIGN (0x4)
                0x20000004                _edata = .

.jcr            0x20000004        0x0 load address 0x08000f04
 .jcr           0x20000004        0x0 c:/ac6/systemworkbench/plugins/fr.ac6.mcu.externaltools.arm-none.win32_1.15.0.201708311556/tools/compiler/bin/../lib/gcc/arm-none-eabi/6.3.1/thumb/v6-m/crtbegin.o

.igot.plt       0x20000004        0x0 load address 0x08000f04
 .igot.plt      0x20000004        0x0 c:/ac6/systemworkbench/plugins/fr.ac6.mcu.externaltools.arm-none.win32_1.15.0.201708311556/tools/compiler/bin/../lib/gcc/arm-none-eabi/6.3.1/thumb/v6-m/crtbegin.o
                0x20000004                . = ALIGN (0x4)

.bss            0x20000004       0x20 load address 0x08000f04
                0x20000004                _sbss = .
                0x20000004                __bss_start__ = _sbss
 *(.bss)
 .bss           0x20000004       0x1c c:/ac6/systemworkbench/plugins/fr.ac6.mcu.externaltools.arm-none.win32_1.15.0.201708311556/tools/compiler/bin/../lib/gcc/arm-none-eabi/6.3.1/thumb/v6-m/crtbegin.o
 *(.bss*)
 *(COMMON)
 COMMON         0x20000020        0x4 Drivers/STM32F0xx_HAL_Driver/Src/stm32f0xx_hal.o
                0x20000020                uwTick
                0x20000024                . = ALIGN (0x4)
                0x20000024                _ebss = .
                0x20000024                __bss_end__ = _ebss

._user_heap_stack
                0x20000024      0x604 load address 0x08000f04
                0x20000028                . = ALIGN (0x8)
 *fill*         0x20000024        0x4 
                [!provide]                PROVIDE (end, .)
                [!provide]                PROVIDE (_end, .)
                0x20000228                . = (. + _Min_Heap_Size)
 *fill*         0x20000028      0x200 
                0x20000628                . = (. + _Min_Stack_Size)
 *fill*         0x20000228      0x400 
                0x20000628                . = ALIGN (0x8)

/DISCARD/
 libc.a(*)
 libm.a(*)
 libgcc.a(*)

.ARM.attributes
                0x00000000       0x28
 *(.ARM.attributes)
 .ARM.attributes
                0x00000000       0x1e c:/ac6/systemworkbench/plugins/fr.ac6.mcu.externaltools.arm-none.win32_1.15.0.201708311556/tools/compiler/bin/../lib/gcc/arm-none-eabi/6.3.1/thumb/v6-m/crti.o
 .ARM.attributes
                0x0000001e       0x2c c:/ac6/systemworkbench/plugins/fr.ac6.mcu.externaltools.arm-none.win32_1.15.0.201708311556/tools/compiler/bin/../lib/gcc/arm-none-eabi/6.3.1/thumb/v6-m/crtbegin.o
 .ARM.attributes
                0x0000004a       0x31 Drivers/STM32F0xx_HAL_Driver/Src/stm32f0xx_hal.o
 .ARM.attributes
                0x0000007b       0x31 Drivers/STM32F0xx_HAL_Driver/Src/stm32f0xx_hal_cortex.o
 .ARM.attributes
                0x000000ac       0x31 Drivers/STM32F0xx_HAL_Driver/Src/stm32f0xx_hal_gpio.o
 .ARM.attributes
                0x000000dd       0x31 Drivers/STM32F0xx_HAL_Driver/Src/stm32f0xx_hal_rcc.o
 .ARM.attributes
                0x0000010e       0x31 Src/main.o
 .ARM.attributes
                0x0000013f       0x31 Src/stm32f0xx_hal_msp.o
 .ARM.attributes
                0x00000170       0x31 Src/stm32f0xx_it.o
 .ARM.attributes
                0x000001a1       0x31 Src/system_stm32f0xx.o
 .ARM.attributes
                0x000001d2       0x21 startup/startup_stm32f042x6.o
 .ARM.attributes
                0x000001f3       0x1e c:/ac6/systemworkbench/plugins/fr.ac6.mcu.externaltools.arm-none.win32_1.15.0.201708311556/tools/compiler/bin/../lib/gcc/arm-none-eabi/6.3.1/thumb/v6-m\libgcc.a(_udivsi3.o)
 .ARM.attributes
                0x00000211       0x1e c:/ac6/systemworkbench/plugins/fr.ac6.mcu.externaltools.arm-none.win32_1.15.0.201708311556/tools/compiler/bin/../lib/gcc/arm-none-eabi/6.3.1/thumb/v6-m\libgcc.a(_dvmd_tls.o)
 .ARM.attributes
                0x0000022f       0x2c c:/ac6/systemworkbench/plugins/fr.ac6.mcu.externaltools.arm-none.win32_1.15.0.201708311556/tools/compiler/bin/../lib/gcc/arm-none-eabi/6.3.1/../../../../arm-none-eabi/lib/thumb/v6-m\libc_nano.a(lib_a-init.o)
 .ARM.attributes
                0x0000025b       0x1e c:/ac6/systemworkbench/plugins/fr.ac6.mcu.externaltools.arm-none.win32_1.15.0.201708311556/tools/compiler/bin/../lib/gcc/arm-none-eabi/6.3.1/thumb/v6-m/crtn.o
OUTPUT(stm32f042k6.elf elf32-littlearm)

.debug_info     0x00000000     0x6dc7
 .debug_info    0x00000000      0xe7e Drivers/STM32F0xx_HAL_Driver/Src/stm32f0xx_hal.o
 .debug_info    0x00000e7e      0xfe3 Drivers/STM32F0xx_HAL_Driver/Src/stm32f0xx_hal_cortex.o
 .debug_info    0x00001e61      0xe6f Drivers/STM32F0xx_HAL_Driver/Src/stm32f0xx_hal_gpio.o
 .debug_info    0x00002cd0     0x118b Drivers/STM32F0xx_HAL_Driver/Src/stm32f0xx_hal_rcc.o
 .debug_info    0x00003e5b      0xf88 Src/main.o
 .debug_info    0x00004de3      0xb4c Src/stm32f0xx_hal_msp.o
 .debug_info    0x0000592f      0x99f Src/stm32f0xx_it.o
 .debug_info    0x000062ce      0xa7b Src/system_stm32f0xx.o
 .debug_info    0x00006d49       0x7e startup/startup_stm32f042x6.o

.debug_abbrev   0x00000000     0x148c
 .debug_abbrev  0x00000000      0x2f4 Drivers/STM32F0xx_HAL_Driver/Src/stm32f0xx_hal.o
 .debug_abbrev  0x000002f4      0x326 Drivers/STM32F0xx_HAL_Driver/Src/stm32f0xx_hal_cortex.o
 .debug_abbrev  0x0000061a      0x2a5 Drivers/STM32F0xx_HAL_Driver/Src/stm32f0xx_hal_gpio.o
 .debug_abbrev  0x000008bf      0x2e8 Drivers/STM32F0xx_HAL_Driver/Src/stm32f0xx_hal_rcc.o
 .debug_abbrev  0x00000ba7      0x2ab Src/main.o
 .debug_abbrev  0x00000e52      0x232 Src/stm32f0xx_hal_msp.o
 .debug_abbrev  0x00001084      0x1f1 Src/stm32f0xx_it.o
 .debug_abbrev  0x00001275      0x205 Src/system_stm32f0xx.o
 .debug_abbrev  0x0000147a       0x12 startup/startup_stm32f042x6.o

.debug_loc      0x00000000      0xc79
 .debug_loc     0x00000000       0x7c Drivers/STM32F0xx_HAL_Driver/Src/stm32f0xx_hal.o
 .debug_loc     0x0000007c      0x393 Drivers/STM32F0xx_HAL_Driver/Src/stm32f0xx_hal_cortex.o
 .debug_loc     0x0000040f      0x2b2 Drivers/STM32F0xx_HAL_Driver/Src/stm32f0xx_hal_gpio.o
 .debug_loc     0x000006c1      0x4ba Drivers/STM32F0xx_HAL_Driver/Src/stm32f0xx_hal_rcc.o
 .debug_loc     0x00000b7b       0xfe Src/system_stm32f0xx.o

.debug_aranges  0x00000000      0x2f0
 .debug_aranges
                0x00000000       0xb8 Drivers/STM32F0xx_HAL_Driver/Src/stm32f0xx_hal.o
 .debug_aranges
                0x000000b8       0x78 Drivers/STM32F0xx_HAL_Driver/Src/stm32f0xx_hal_cortex.o
 .debug_aranges
                0x00000130       0x58 Drivers/STM32F0xx_HAL_Driver/Src/stm32f0xx_hal_gpio.o
 .debug_aranges
                0x00000188       0x80 Drivers/STM32F0xx_HAL_Driver/Src/stm32f0xx_hal_rcc.o
 .debug_aranges
                0x00000208       0x38 Src/main.o
 .debug_aranges
                0x00000240       0x20 Src/stm32f0xx_hal_msp.o
 .debug_aranges
                0x00000260       0x40 Src/stm32f0xx_it.o
 .debug_aranges
                0x000002a0       0x28 Src/system_stm32f0xx.o
 .debug_aranges
                0x000002c8       0x28 startup/startup_stm32f042x6.o

.debug_ranges   0x00000000      0x2c8
 .debug_ranges  0x00000000       0xa8 Drivers/STM32F0xx_HAL_Driver/Src/stm32f0xx_hal.o
 .debug_ranges  0x000000a8       0xb0 Drivers/STM32F0xx_HAL_Driver/Src/stm32f0xx_hal_cortex.o
 .debug_ranges  0x00000158       0x48 Drivers/STM32F0xx_HAL_Driver/Src/stm32f0xx_hal_gpio.o
 .debug_ranges  0x000001a0       0x88 Drivers/STM32F0xx_HAL_Driver/Src/stm32f0xx_hal_rcc.o
 .debug_ranges  0x00000228       0x28 Src/main.o
 .debug_ranges  0x00000250       0x10 Src/stm32f0xx_hal_msp.o
 .debug_ranges  0x00000260       0x30 Src/stm32f0xx_it.o
 .debug_ranges  0x00000290       0x18 Src/system_stm32f0xx.o
 .debug_ranges  0x000002a8       0x20 startup/startup_stm32f042x6.o

.debug_macro    0x00000000    0x141e8
 .debug_macro   0x00000000      0x304 Drivers/STM32F0xx_HAL_Driver/Src/stm32f0xx_hal.o
 .debug_macro   0x00000304      0x8aa Drivers/STM32F0xx_HAL_Driver/Src/stm32f0xx_hal.o
 .debug_macro   0x00000bae       0x1c Drivers/STM32F0xx_HAL_Driver/Src/stm32f0xx_hal.o
 .debug_macro   0x00000bca       0x9f Drivers/STM32F0xx_HAL_Driver/Src/stm32f0xx_hal.o
 .debug_macro   0x00000c69       0x2e Drivers/STM32F0xx_HAL_Driver/Src/stm32f0xx_hal.o
 .debug_macro   0x00000c97       0x22 Drivers/STM32F0xx_HAL_Driver/Src/stm32f0xx_hal.o
 .debug_macro   0x00000cb9       0x22 Drivers/STM32F0xx_HAL_Driver/Src/stm32f0xx_hal.o
 .debug_macro   0x00000cdb       0x87 Drivers/STM32F0xx_HAL_Driver/Src/stm32f0xx_hal.o
 .debug_macro   0x00000d62       0x51 Drivers/STM32F0xx_HAL_Driver/Src/stm32f0xx_hal.o
 .debug_macro   0x00000db3       0xef Drivers/STM32F0xx_HAL_Driver/Src/stm32f0xx_hal.o
 .debug_macro   0x00000ea2       0x6a Drivers/STM32F0xx_HAL_Driver/Src/stm32f0xx_hal.o
 .debug_macro   0x00000f0c      0x1df Drivers/STM32F0xx_HAL_Driver/Src/stm32f0xx_hal.o
 .debug_macro   0x000010eb       0x34 Drivers/STM32F0xx_HAL_Driver/Src/stm32f0xx_hal.o
 .debug_macro   0x0000111f       0x26 Drivers/STM32F0xx_HAL_Driver/Src/stm32f0xx_hal.o
 .debug_macro   0x00001145      0x30d Drivers/STM32F0xx_HAL_Driver/Src/stm32f0xx_hal.o
 .debug_macro   0x00001452     0xf1ed Drivers/STM32F0xx_HAL_Driver/Src/stm32f0xx_hal.o
 .debug_macro   0x0001063f       0x3c Drivers/STM32F0xx_HAL_Driver/Src/stm32f0xx_hal.o
 .debug_macro   0x0001067b       0x58 Drivers/STM32F0xx_HAL_Driver/Src/stm32f0xx_hal.o
 .debug_macro   0x000106d3       0x35 Drivers/STM32F0xx_HAL_Driver/Src/stm32f0xx_hal.o
 .debug_macro   0x00010708       0x9c Drivers/STM32F0xx_HAL_Driver/Src/stm32f0xx_hal.o
 .debug_macro   0x000107a4       0x16 Drivers/STM32F0xx_HAL_Driver/Src/stm32f0xx_hal.o
 .debug_macro   0x000107ba       0x97 Drivers/STM32F0xx_HAL_Driver/Src/stm32f0xx_hal.o
 .debug_macro   0x00010851      0x330 Drivers/STM32F0xx_HAL_Driver/Src/stm32f0xx_hal.o
 .debug_macro   0x00010b81       0xfd Drivers/STM32F0xx_HAL_Driver/Src/stm32f0xx_hal.o
 .debug_macro   0x00010c7e       0x10 Drivers/STM32F0xx_HAL_Driver/Src/stm32f0xx_hal.o
 .debug_macro   0x00010c8e       0x58 Drivers/STM32F0xx_HAL_Driver/Src/stm32f0xx_hal.o
 .debug_macro   0x00010ce6       0x1f Drivers/STM32F0xx_HAL_Driver/Src/stm32f0xx_hal.o
 .debug_macro   0x00010d05       0x43 Drivers/STM32F0xx_HAL_Driver/Src/stm32f0xx_hal.o
 .debug_macro   0x00010d48       0x20 Drivers/STM32F0xx_HAL_Driver/Src/stm32f0xx_hal.o
 .debug_macro   0x00010d68      0x187 Drivers/STM32F0xx_HAL_Driver/Src/stm32f0xx_hal.o
 .debug_macro   0x00010eef       0x10 Drivers/STM32F0xx_HAL_Driver/Src/stm32f0xx_hal.o
 .debug_macro   0x00010eff       0x1c Drivers/STM32F0xx_HAL_Driver/Src/stm32f0xx_hal.o
 .debug_macro   0x00010f1b       0x52 Drivers/STM32F0xx_HAL_Driver/Src/stm32f0xx_hal.o
 .debug_macro   0x00010f6d       0x40 Drivers/STM32F0xx_HAL_Driver/Src/stm32f0xx_hal.o
 .debug_macro   0x00010fad       0x10 Drivers/STM32F0xx_HAL_Driver/Src/stm32f0xx_hal.o
 .debug_macro   0x00010fbd       0x40 Drivers/STM32F0xx_HAL_Driver/Src/stm32f0xx_hal.o
 .debug_macro   0x00010ffd       0xd7 Drivers/STM32F0xx_HAL_Driver/Src/stm32f0xx_hal.o
 .debug_macro   0x000110d4       0x16 Drivers/STM32F0xx_HAL_Driver/Src/stm32f0xx_hal.o
 .debug_macro   0x000110ea      0x18b Drivers/STM32F0xx_HAL_Driver/Src/stm32f0xx_hal.o
 .debug_macro   0x00011275       0x49 Drivers/STM32F0xx_HAL_Driver/Src/stm32f0xx_hal.o
 .debug_macro   0x000112be      0x951 Drivers/STM32F0xx_HAL_Driver/Src/stm32f0xx_hal.o
 .debug_macro   0x00011c0f      0x46b Drivers/STM32F0xx_HAL_Driver/Src/stm32f0xx_hal.o
 .debug_macro   0x0001207a      0x13a Drivers/STM32F0xx_HAL_Driver/Src/stm32f0xx_hal.o
 .debug_macro   0x000121b4      0x130 Drivers/STM32F0xx_HAL_Driver/Src/stm32f0xx_hal.o
 .debug_macro   0x000122e4      0x1ed Drivers/STM32F0xx_HAL_Driver/Src/stm32f0xx_hal.o
 .debug_macro   0x000124d1       0x34 Drivers/STM32F0xx_HAL_Driver/Src/stm32f0xx_hal.o
 .debug_macro   0x00012505       0x43 Drivers/STM32F0xx_HAL_Driver/Src/stm32f0xx_hal.o
 .debug_macro   0x00012548       0x28 Drivers/STM32F0xx_HAL_Driver/Src/stm32f0xx_hal.o
 .debug_macro   0x00012570       0xb6 Drivers/STM32F0xx_HAL_Driver/Src/stm32f0xx_hal.o
 .debug_macro   0x00012626      0x182 Drivers/STM32F0xx_HAL_Driver/Src/stm32f0xx_hal.o
 .debug_macro   0x000127a8      0x202 Drivers/STM32F0xx_HAL_Driver/Src/stm32f0xx_hal.o
 .debug_macro   0x000129aa       0x61 Drivers/STM32F0xx_HAL_Driver/Src/stm32f0xx_hal.o
 .debug_macro   0x00012a0b       0x90 Drivers/STM32F0xx_HAL_Driver/Src/stm32f0xx_hal.o
 .debug_macro   0x00012a9b       0x4d Drivers/STM32F0xx_HAL_Driver/Src/stm32f0xx_hal.o
 .debug_macro   0x00012ae8      0x161 Drivers/STM32F0xx_HAL_Driver/Src/stm32f0xx_hal.o
 .debug_macro   0x00012c49      0x127 Drivers/STM32F0xx_HAL_Driver/Src/stm32f0xx_hal.o
 .debug_macro   0x00012d70      0x2e0 Drivers/STM32F0xx_HAL_Driver/Src/stm32f0xx_hal_cortex.o
 .debug_macro   0x00013050      0x318 Drivers/STM32F0xx_HAL_Driver/Src/stm32f0xx_hal_gpio.o
 .debug_macro   0x00013368      0x2f2 Drivers/STM32F0xx_HAL_Driver/Src/stm32f0xx_hal_rcc.o
 .debug_macro   0x0001365a      0x2e4 Src/main.o
 .debug_macro   0x0001393e      0x2e0 Src/stm32f0xx_hal_msp.o
 .debug_macro   0x00013c1e      0x2ea Src/stm32f0xx_it.o
 .debug_macro   0x00013f08      0x2e0 Src/system_stm32f0xx.o

.debug_line     0x00000000     0x4195
 .debug_line    0x00000000      0x8a1 Drivers/STM32F0xx_HAL_Driver/Src/stm32f0xx_hal.o
 .debug_line    0x000008a1      0x89a Drivers/STM32F0xx_HAL_Driver/Src/stm32f0xx_hal_cortex.o
 .debug_line    0x0000113b      0x879 Drivers/STM32F0xx_HAL_Driver/Src/stm32f0xx_hal_gpio.o
 .debug_line    0x000019b4      0x9e0 Drivers/STM32F0xx_HAL_Driver/Src/stm32f0xx_hal_rcc.o
 .debug_line    0x00002394      0x773 Src/main.o
 .debug_line    0x00002b07      0x726 Src/stm32f0xx_hal_msp.o
 .debug_line    0x0000322d      0x774 Src/stm32f0xx_it.o
 .debug_line    0x000039a1      0x75d Src/system_stm32f0xx.o
 .debug_line    0x000040fe       0x97 startup/startup_stm32f042x6.o

.debug_str      0x00000000    0x69336
 .debug_str     0x00000000    0x68a31 Drivers/STM32F0xx_HAL_Driver/Src/stm32f0xx_hal.o
                              0x68cde (size before relaxing)
 .debug_str     0x00068a31      0x1f8 Drivers/STM32F0xx_HAL_Driver/Src/stm32f0xx_hal_cortex.o
                              0x68b8c (size before relaxing)
 .debug_str     0x00068c29      0x299 Drivers/STM32F0xx_HAL_Driver/Src/stm32f0xx_hal_gpio.o
                              0x68a60 (size before relaxing)
 .debug_str     0x00068ec2      0x33c Drivers/STM32F0xx_HAL_Driver/Src/stm32f0xx_hal_rcc.o
                              0x68bcf (size before relaxing)
 .debug_str     0x000691fe       0x52 Src/main.o
                              0x68bfd (size before relaxing)
 .debug_str     0x00069250       0x1b Src/stm32f0xx_hal_msp.o
                              0x68941 (size before relaxing)
 .debug_str     0x0006926b       0x71 Src/stm32f0xx_it.o
                              0x687a0 (size before relaxing)
 .debug_str     0x000692dc       0x5a Src/system_stm32f0xx.o
                              0x687b9 (size before relaxing)

.comment        0x00000000       0x7f
 .comment       0x00000000       0x7f Drivers/STM32F0xx_HAL_Driver/Src/stm32f0xx_hal.o
                                 0x80 (size before relaxing)
 .comment       0x0000007f       0x80 Drivers/STM32F0xx_HAL_Driver/Src/stm32f0xx_hal_cortex.o
 .comment       0x0000007f       0x80 Drivers/STM32F0xx_HAL_Driver/Src/stm32f0xx_hal_gpio.o
 .comment       0x0000007f       0x80 Drivers/STM32F0xx_HAL_Driver/Src/stm32f0xx_hal_rcc.o
 .comment       0x0000007f       0x80 Src/main.o
 .comment       0x0000007f       0x80 Src/stm32f0xx_hal_msp.o
 .comment       0x0000007f       0x80 Src/stm32f0xx_it.o
 .comment       0x0000007f       0x80 Src/system_stm32f0xx.o

.debug_frame    0x00000000      0x5d4
 .debug_frame   0x00000000      0x174 Drivers/STM32F0xx_HAL_Driver/Src/stm32f0xx_hal.o
 .debug_frame   0x00000174       0xe4 Drivers/STM32F0xx_HAL_Driver/Src/stm32f0xx_hal_cortex.o
 .debug_frame   0x00000258       0xcc Drivers/STM32F0xx_HAL_Driver/Src/stm32f0xx_hal_gpio.o
 .debug_frame   0x00000324      0x130 Drivers/STM32F0xx_HAL_Driver/Src/stm32f0xx_hal_rcc.o
 .debug_frame   0x00000454       0x6c Src/main.o
 .debug_frame   0x000004c0       0x28 Src/stm32f0xx_hal_msp.o
 .debug_frame   0x000004e8       0x68 Src/stm32f0xx_it.o
 .debug_frame   0x00000550       0x38 Src/system_stm32f0xx.o
 .debug_frame   0x00000588       0x20 c:/ac6/systemworkbench/plugins/fr.ac6.mcu.externaltools.arm-none.win32_1.15.0.201708311556/tools/compiler/bin/../lib/gcc/arm-none-eabi/6.3.1/thumb/v6-m\libgcc.a(_udivsi3.o)
 .debug_frame   0x000005a8       0x2c c:/ac6/systemworkbench/plugins/fr.ac6.mcu.externaltools.arm-none.win32_1.15.0.201708311556/tools/compiler/bin/../lib/gcc/arm-none-eabi/6.3.1/../../../../arm-none-eabi/lib/thumb/v6-m\libc_nano.a(lib_a-init.o)
